// Jest Snapshot v1, https://goo.gl/fbAQLP

exports[`React createFactory should render stuff 1`] = `"<div class=\\"ae af\\"><p class=\\"ag\\">Cloned</p></div>"`;

exports[`React createFactory should render stuff 2`] = `".ae{font-size:15px}.ag{font-size:25px}@media (min-width: 100px){.af{font-size:25px}}"`;
