// Jest Snapshot v1, https://goo.gl/fbAQLP

exports[`transformer with extensions should match snapshot 1`] = `
Object {
  ":hover": Object {
    "@media (min-width: 100px)": Object {
      "myAttribute": 5,
    },
  },
  "@media (min-width: 100px)": Object {
    "background": "red",
    "color": "red",
  },
  "background": "yellow",
  "color": "yellow",
  "fontSize": "12px",
  "myAttribute": 5,
}
`;

exports[`transformer without extensions should match snapshot 1`] = `
Object {
  "@media (max-width: 800px) and (min-width: 100px)": Object {
    "fontSize": "17px",
  },
  "fontSize": "15px",
}
`;
